2025-08-22 15:21:51,293 - ERROR - Traceback (most recent call last):
  File "/home/artsiom/MY/Robot_otk_app/main.py", line 26, in main
    init_db()  # Инициализация БД
    ^^^^^^^^^
  File "/home/artsiom/MY/Robot_otk_app/db.py", line 13, in init_db
    conn = psycopg2.connect(**DB_CONFIG)
           ^^^^^^^^^^^^^^^^^^^^^^^^^^^^^
  File "/home/artsiom/MY/Robot_otk_app/venv/lib/python3.11/site-packages/psycopg2/__init__.py", line 122, in connect
    conn = _connect(dsn, connection_factory=connection_factory, **kwasync)
           ^^^^^^^^^^^^^^^^^^^^^^^^^^^^^^^^^^^^^^^^^^^^^^^^^^^^^^^^^^^^^^^
psycopg2.OperationalError: connection to server at "localhost" (::1), port 5432 failed: Connection refused
	Is the server running on that host and accepting TCP/IP connections?
connection to server at "localhost" (127.0.0.1), port 5432 failed: Connection refused
	Is the server running on that host and accepting TCP/IP connections?


2025-08-22 15:21:57,347 - ERROR - Traceback (most recent call last):
  File "/home/artsiom/MY/Robot_otk_app/main.py", line 26, in main
    init_db()  # Инициализация БД
    ^^^^^^^^^
  File "/home/artsiom/MY/Robot_otk_app/db.py", line 13, in init_db
    conn = psycopg2.connect(**DB_CONFIG)
           ^^^^^^^^^^^^^^^^^^^^^^^^^^^^^
  File "/home/artsiom/MY/Robot_otk_app/venv/lib/python3.11/site-packages/psycopg2/__init__.py", line 122, in connect
    conn = _connect(dsn, connection_factory=connection_factory, **kwasync)
           ^^^^^^^^^^^^^^^^^^^^^^^^^^^^^^^^^^^^^^^^^^^^^^^^^^^^^^^^^^^^^^^
psycopg2.OperationalError: connection to server at "localhost" (::1), port 5432 failed: Connection refused
	Is the server running on that host and accepting TCP/IP connections?
connection to server at "localhost" (127.0.0.1), port 5432 failed: Connection refused
	Is the server running on that host and accepting TCP/IP connections?


2025-08-22 15:22:00,523 - ERROR - Traceback (most recent call last):
  File "/home/artsiom/MY/Robot_otk_app/main.py", line 26, in main
    init_db()  # Инициализация БД
    ^^^^^^^^^
  File "/home/artsiom/MY/Robot_otk_app/db.py", line 13, in init_db
    conn = psycopg2.connect(**DB_CONFIG)
           ^^^^^^^^^^^^^^^^^^^^^^^^^^^^^
  File "/home/artsiom/MY/Robot_otk_app/venv/lib/python3.11/site-packages/psycopg2/__init__.py", line 122, in connect
    conn = _connect(dsn, connection_factory=connection_factory, **kwasync)
           ^^^^^^^^^^^^^^^^^^^^^^^^^^^^^^^^^^^^^^^^^^^^^^^^^^^^^^^^^^^^^^^
psycopg2.OperationalError: connection to server at "localhost" (::1), port 5432 failed: Connection refused
	Is the server running on that host and accepting TCP/IP connections?
connection to server at "localhost" (127.0.0.1), port 5432 failed: Connection refused
	Is the server running on that host and accepting TCP/IP connections?


2025-08-22 15:26:45,825 - ERROR - Traceback (most recent call last):
  File "/home/artsiom/MY/Robot_otk_app/main.py", line 27, in main
    app = qapplication(sys.argv)
          ^^^^^^^^^^^^
NameError: name 'qapplication' is not defined

2025-08-22 15:30:55,116 - ERROR - Traceback (most recent call last):
  File "/home/artsiom/MY/Robot_otk_app/main.py", line 26, in main
    init_db()  # Инициализация БД
    ^^^^^^^^^
  File "/home/artsiom/MY/Robot_otk_app/db.py", line 13, in init_db
    conn = psycopg2.connect(**DB_CONFIG)
           ^^^^^^^^^^^^^^^^^^^^^^^^^^^^^
  File "/home/artsiom/MY/Robot_otk_app/venv/lib/python3.11/site-packages/psycopg2/__init__.py", line 122, in connect
    conn = _connect(dsn, connection_factory=connection_factory, **kwasync)
           ^^^^^^^^^^^^^^^^^^^^^^^^^^^^^^^^^^^^^^^^^^^^^^^^^^^^^^^^^^^^^^^
psycopg2.OperationalError: connection to server at "192.168.0.236", port 5432 failed: No route to host
	Is the server running on that host and accepting TCP/IP connections?


